// Jest Snapshot v1, https://goo.gl/fbAQLP

exports[`matches snapshot 1`] = `
<DocumentFragment>
  <div
    class="Todo"
  >
    <div />
    <button
      class="Todo-delete-button"
    >
      X
    </button>
  </div>
</DocumentFragment>
`;
